// Jest Snapshot v1, https://goo.gl/fbAQLP

exports[`Should PhotosList render correctly 1`] = `
Array [
  <div
    className="property__image-wrapper"
  >
    <img
      alt="Photo studio"
      className="property__image"
      src="img/1.jpg"
    />
  </div>,
  <div
    className="property__image-wrapper"
  >
    <img
      alt="Photo studio"
      className="property__image"
      src="img/2.jpg"
    />
  </div>,
  <div
    className="property__image-wrapper"
  >
    <img
      alt="Photo studio"
      className="property__image"
      src="img/3.jpg"
    />
  </div>,
  <div
    className="property__image-wrapper"
  >
    <img
      alt="Photo studio"
      className="property__image"
      src="img/4.jpg"
    />
  </div>,
]
`;
